
  You can now view your Streamlit app in your browser.

  Local URL: http://localhost:8512
  Network URL: http://10.217.208.127:8512
  External URL: http://74.199.194.66:8512

+------------------------- Traceback (most recent call last) --------------------------+
| C:\Users\tus03886\AppData\Roaming\Python\Python314\site-packages\streamlit\elements\ |
| lib\image_utils.py:289 in image_to_url                                               |
+--------------------------------------------------------------------------------------+
FileNotFoundError: [Errno 2] No such file or directory: '👤'

During handling of the above exception, another exception occurred:

+------------------------- Traceback (most recent call last) --------------------------+
| C:\Users\tus03886\AppData\Roaming\Python\Python314\site-packages\streamlit\runtime\m |
| emory_media_file_storage.py:176 in _read_file                                        |
+--------------------------------------------------------------------------------------+
FileNotFoundError: [Errno 2] No such file or directory: '👤'

The above exception was the direct cause of the following exception:

+------------------------- Traceback (most recent call last) --------------------------+
| C:\Users\tus03886\AppData\Roaming\Python\Python314\site-packages\streamlit\elements\ |
| widgets\chat.py:236 in _process_avatar_input                                         |
|                                                                                      |
| C:\Users\tus03886\AppData\Roaming\Python\Python314\site-packages\streamlit\elements\ |
| lib\image_utils.py:301 in image_to_url                                               |
|                                                                                      |
| C:\Users\tus03886\AppData\Roaming\Python\Python314\site-packages\streamlit\runtime\m |
| edia_file_manager.py:277 in add                                                      |
|                                                                                      |
| C:\Users\tus03886\AppData\Roaming\Python\Python314\site-packages\streamlit\runtime\m |
| emory_media_file_storage.py:126 in load_and_get_id                                   |
|                                                                                      |
| C:\Users\tus03886\AppData\Roaming\Python\Python314\site-packages\streamlit\runtime\m |
| emory_media_file_storage.py:179 in _read_file                                        |
+--------------------------------------------------------------------------------------+
MediaFileStorageError: Error opening '👤'

The above exception was the direct cause of the following exception:

+------------------------- Traceback (most recent call last) --------------------------+
| C:\Users\tus03886\AppData\Roaming\Python\Python314\site-packages\streamlit\runtime\s |
| criptrunner\exec_code.py:129 in exec_func_with_error_handling                        |
|                                                                                      |
| C:\Users\tus03886\AppData\Roaming\Python\Python314\site-packages\streamlit\runtime\s |
| criptrunner\script_runner.py:689 in code_to_exec                                     |
|                                                                                      |
| C:\Users\tus03886\Documents\Website\smoking cessation                                |
| 26\merged_smoking_rag_app.py:3301 in <module>                                        |
|                                                                                      |
|   3298     if is_admin:                                                              |
|   3299         admin_panel()                                                         |
|   3300     else:                                                                     |
| > 3301         main()                                                                |
|   3302                                                                               |
|   3303                                                                               |
|                                                                                      |
| C:\Users\tus03886\Documents\Website\smoking cessation                                |
| 26\merged_smoking_rag_app.py:2449 in main                                            |
|                                                                                      |
|   2446         st.markdown("### Conversation")                                       |
|   2447         for msg in st.session_state.conversation_history:                     |
|   2448             if msg["role"] == "user":                                         |
| > 2449                 with st.chat_message("user", avatar="👤"):                  |
|   2450                     st.markdown(msg["text"])                                  |
|   2451             else:                                                             |
|   2452                 with st.chat_message("assistant", avatar="🤖"):             |
|                                                                                      |
| C:\Users\tus03886\AppData\Roaming\Python\Python314\site-packages\streamlit\runtime\m |
| etrics_util.py:532 in wrapped_func                                                   |
|                                                                                      |
| C:\Users\tus03886\AppData\Roaming\Python\Python314\site-packages\streamlit\elements\ |
| widgets\chat.py:516 in chat_message                                                  |
|                                                                                      |
| C:\Users\tus03886\AppData\Roaming\Python\Python314\site-packages\streamlit\elements\ |
| widgets\chat.py:245 in _process_avatar_input                                         |
+--------------------------------------------------------------------------------------+
StreamlitAPIException: Failed to load the provided avatar value as an image.
